src/Components/NonConformWorkReport/NonConformWorkReportTable.tsx(7,3): error TS6133: 'CircularProgress' is declared but its value is never read.
